<h1 id="test">test</h1>
<p>some testing</p>
<h2 id="more-testing">More testing</h2>
<p>Even more testing</p>
