<h1 id="testing">Testing</h1>
<p>Status: <a href="http://test.com/#1">bar (1)</a></p>
<h2 id="more-testing">More testing</h2>
<p>Status: <a href="http://test.com/#0">foo (0)</a></p>
